{
    "eventKey": "repo:refs_changed",
    "date": "2021-01-15T13:29:05+0000",
    "actor": {
        "name": "max.mustermann@acme.org",
        "emailAddress": "max.mustermann@acme.org",
        "id": 4653,
        "displayName": "Mustermann,Max ACME",
        "active": true,
        "slug": "max.mustermann_acme.org",
        "type": "NORMAL",
        "links": {
            "self": [
                {
                    "href": "https://bitbucket.acme.org/users/max.mustermann_acme.org"
                }
            ]
        }
    },
    "repository": {
        "slug": "ods-pipeline",
        "id": 8733,
        "name": "ods-pipeline",
        "scmId": "git",
        "state": "AVAILABLE",
        "statusMessage": "Available",
        "forkable": true,
        "project": {
            "key": "FOO",
            "id": 6603,
            "name": "Max Mustermann Playground",
            "public": false,
            "type": "NORMAL",
            "links": {
                "self": [
                    {
                        "href": "https://bitbucket.acme.org/projects/FOO"
                    }
                ]
            }
        },
        "public": false,
        "links": {
            "clone": [
                {
                    "href": "https://bitbucket.acme.org/scm/foo/ods-pipeline.git",
                    "name": "http"
                },
                {
                    "href": "ssh://git@bitbucket.acme.org:7999/foo/ods-pipeline.git",
                    "name": "ssh"
                }
            ],
            "self": [
                {
                    "href": "https://bitbucket.acme.org/projects/FOO/repos/ods-pipeline/browse"
                }
            ]
        }
    },
    "changes": [
        {
            "ref": {
                "id": "refs/heads/master",
                "displayId": "master",
                "type": "BRANCH"
            },
            "refId": "refs/heads/master",
            "fromHash": "dc85ccd8bb912006162e0d1d9f48e1f2d7210c9c",
            "toHash": "0e183aa3bc3c6deb8f40b93fb2fc4354533cf62f",
            "type": "UPDATE"
        }
    ],
    "extensions": {
        "name": "bar-main",
        "namespace": "foo-cd",
        "resourceVersion": 0,
        "project": "foo",
        "component": "bar",
        "repository": "foo-bar",
        "gitRef": "main",
        "gitFullRef": "refs/heads/main",
        "gitSha": "ef8755f06ee4b28c96a847a95cb8ec8ed6ddd1ca",
        "repoBase": "https://bitbucket.acme.org",
        "gitURI": "https://bitbucket.acme.org/scm/foo/bar.git",
        "pvc": "pipeline-bar",
        "trigger-event": "repo:refs_changed",
        "comment": "",
        "prKey": 0,
        "prBase": ""
    }
}
