<package name="." line-rate="0.875" branch-rate="0.5" complexity="0">
    <classes>
        <class name="main.py" filename="main.py" complexity="0" line-rate="0.875" branch-rate="0.5">
            <methods/>
            <lines>
                <line number="2" hits="1"/>
                <line number="3" hits="1"/>
                <line number="5" hits="1"/>
                <line number="8" hits="1"/>
                <line number="9" hits="1"/>
                <line number="10" hits="1"/>
                <line number="13" hits="1" branch="true" condition-coverage="50% (1/2)" missing-branches="14"/>
                <line number="14" hits="0"/>
            </lines>
        </class>
    </classes>
</package>
