{
    "project": "foo",
    "component": "bar",
    "repository": "foo-bar",
    "gitRef": "v2.0.0",
    "gitFullRef": "refs/tags/v2.0.0",
    "gitSha": "0e183aa3bc3c6deb8f40b93fb2fc4354533cf62f",
    "repoBase": "https://domain.com",
    "gitURI": "https://domain.com/foo/foo-bar.git",
    "namespace": "bar-cd",
    "trigger-event": "repo:refs_changed",
    "change-ref-type": "TAG",
    "comment": "",
    "prKey": 0,
    "prBase": ""
}
